\hypertarget{class_mdt_1_1_expected}{}\section{Mdt\+:\+:Expected$<$ T $>$ Class Template Reference}
\label{class_mdt_1_1_expected}\index{Mdt\+::\+Expected$<$ T $>$@{Mdt\+::\+Expected$<$ T $>$}}


Contains a value or a error.  




{\ttfamily \#include $<$Expected.\+h$>$}



Collaboration diagram for Mdt\+:\+:Expected$<$ T $>$\+:\nopagebreak
\begin{figure}[H]
\begin{center}
\leavevmode
\includegraphics[width=184pt]{class_mdt_1_1_expected__coll__graph}
\end{center}
\end{figure}
\subsection*{Public Member Functions}
\begin{DoxyCompactItemize}
\item 
\hyperlink{class_mdt_1_1_expected_ab271cafc564b8dba7c5737a8e6f78a8d}{Expected} ()
\begin{DoxyCompactList}\small\item\em Construct a empty expected. \end{DoxyCompactList}\item 
\hyperlink{class_mdt_1_1_expected_a5046d26152b32d7184d756f00325cd60}{Expected} (const T \&v)\hypertarget{class_mdt_1_1_expected_a5046d26152b32d7184d756f00325cd60}{}\label{class_mdt_1_1_expected_a5046d26152b32d7184d756f00325cd60}

\begin{DoxyCompactList}\small\item\em Construct a expected with a value. \end{DoxyCompactList}\item 
\hyperlink{class_mdt_1_1_expected_abf1fd00a7d5508ab2030f729105de12f}{Expected} (T \&\&v)\hypertarget{class_mdt_1_1_expected_abf1fd00a7d5508ab2030f729105de12f}{}\label{class_mdt_1_1_expected_abf1fd00a7d5508ab2030f729105de12f}

\begin{DoxyCompactList}\small\item\em Construct a expected with a value. \end{DoxyCompactList}\item 
\hyperlink{class_mdt_1_1_expected_a98be29378d9ee4d855b041c5a347d967}{Expected} (const \hyperlink{class_mdt_1_1_error}{Mdt\+::\+Error} \&e)\hypertarget{class_mdt_1_1_expected_a98be29378d9ee4d855b041c5a347d967}{}\label{class_mdt_1_1_expected_a98be29378d9ee4d855b041c5a347d967}

\begin{DoxyCompactList}\small\item\em Construct a expected with a error. \end{DoxyCompactList}\item 
\hyperlink{class_mdt_1_1_expected_a63cf8d36dfb4657d39fcfb614f575ab4}{Expected} (\hyperlink{class_mdt_1_1_error}{Mdt\+::\+Error} \&\&e)\hypertarget{class_mdt_1_1_expected_a63cf8d36dfb4657d39fcfb614f575ab4}{}\label{class_mdt_1_1_expected_a63cf8d36dfb4657d39fcfb614f575ab4}

\begin{DoxyCompactList}\small\item\em Construct a expected with a error. \end{DoxyCompactList}\item 
\hyperlink{class_mdt_1_1_expected_a74ad44cec43f7cae5cd73388283818e3}{Expected} (const \hyperlink{class_mdt_1_1_expected}{Expected} \&other)\hypertarget{class_mdt_1_1_expected_a74ad44cec43f7cae5cd73388283818e3}{}\label{class_mdt_1_1_expected_a74ad44cec43f7cae5cd73388283818e3}

\begin{DoxyCompactList}\small\item\em Construct a copy of other. \end{DoxyCompactList}\item 
\hyperlink{class_mdt_1_1_expected_a8d14f0fbfb0c4e1acbfbae539f797aa8}{Expected} (\hyperlink{class_mdt_1_1_expected}{Expected} \&\&other)\hypertarget{class_mdt_1_1_expected_a8d14f0fbfb0c4e1acbfbae539f797aa8}{}\label{class_mdt_1_1_expected_a8d14f0fbfb0c4e1acbfbae539f797aa8}

\begin{DoxyCompactList}\small\item\em Construct by moving other. \end{DoxyCompactList}\item 
\hyperlink{class_mdt_1_1_expected_ab3694955007f559c7f394e9883aa44a0}{$\sim$\+Expected} ()\hypertarget{class_mdt_1_1_expected_ab3694955007f559c7f394e9883aa44a0}{}\label{class_mdt_1_1_expected_ab3694955007f559c7f394e9883aa44a0}

\begin{DoxyCompactList}\small\item\em Destructor. \end{DoxyCompactList}\item 
\hyperlink{class_mdt_1_1_expected}{Expected} \& \hyperlink{class_mdt_1_1_expected_a9c7eb862d4d49f2160a16e32ec302e6c}{operator=} (const T \&v)\hypertarget{class_mdt_1_1_expected_a9c7eb862d4d49f2160a16e32ec302e6c}{}\label{class_mdt_1_1_expected_a9c7eb862d4d49f2160a16e32ec302e6c}

\begin{DoxyCompactList}\small\item\em Assign a value. \end{DoxyCompactList}\item 
\hyperlink{class_mdt_1_1_expected}{Expected} \& \hyperlink{class_mdt_1_1_expected_a7c1272621b28c6750f4a230278d477da}{operator=} (T \&\&v)\hypertarget{class_mdt_1_1_expected_a7c1272621b28c6750f4a230278d477da}{}\label{class_mdt_1_1_expected_a7c1272621b28c6750f4a230278d477da}

\begin{DoxyCompactList}\small\item\em Assign a value. \end{DoxyCompactList}\item 
\hyperlink{class_mdt_1_1_expected}{Expected} \& \hyperlink{class_mdt_1_1_expected_a60b7b4811399f71568fda6731a7afd59}{operator=} (const \hyperlink{class_mdt_1_1_error}{Mdt\+::\+Error} \&e)\hypertarget{class_mdt_1_1_expected_a60b7b4811399f71568fda6731a7afd59}{}\label{class_mdt_1_1_expected_a60b7b4811399f71568fda6731a7afd59}

\begin{DoxyCompactList}\small\item\em Assign a error. \end{DoxyCompactList}\item 
\hyperlink{class_mdt_1_1_expected}{Expected} \& \hyperlink{class_mdt_1_1_expected_a97c105de76860ec6fa9ce7926d6bc6a4}{operator=} (\hyperlink{class_mdt_1_1_error}{Mdt\+::\+Error} \&\&e)\hypertarget{class_mdt_1_1_expected_a97c105de76860ec6fa9ce7926d6bc6a4}{}\label{class_mdt_1_1_expected_a97c105de76860ec6fa9ce7926d6bc6a4}

\begin{DoxyCompactList}\small\item\em Assign a error. \end{DoxyCompactList}\item 
\hyperlink{class_mdt_1_1_expected}{Expected} \& \hyperlink{class_mdt_1_1_expected_a95886cd2913a38e147186ed3d9e72a7c}{operator=} (const \hyperlink{class_mdt_1_1_expected}{Expected} \&other)\hypertarget{class_mdt_1_1_expected_a95886cd2913a38e147186ed3d9e72a7c}{}\label{class_mdt_1_1_expected_a95886cd2913a38e147186ed3d9e72a7c}

\begin{DoxyCompactList}\small\item\em Assign a \hyperlink{class_mdt_1_1_expected}{Expected}. \end{DoxyCompactList}\item 
\hyperlink{class_mdt_1_1_expected}{Expected} \& \hyperlink{class_mdt_1_1_expected_a2c8f56f9a45c4b9b70ae2c7eadb2b96d}{operator=} (\hyperlink{class_mdt_1_1_expected}{Expected} \&\&other)\hypertarget{class_mdt_1_1_expected_a2c8f56f9a45c4b9b70ae2c7eadb2b96d}{}\label{class_mdt_1_1_expected_a2c8f56f9a45c4b9b70ae2c7eadb2b96d}

\begin{DoxyCompactList}\small\item\em Assign a \hyperlink{class_mdt_1_1_expected}{Expected}. \end{DoxyCompactList}\item 
bool \hyperlink{class_mdt_1_1_expected_acddb65fce2a9823e36663cbca8eaadc5}{has\+Error} () const \hypertarget{class_mdt_1_1_expected_acddb65fce2a9823e36663cbca8eaadc5}{}\label{class_mdt_1_1_expected_acddb65fce2a9823e36663cbca8eaadc5}

\begin{DoxyCompactList}\small\item\em Return true if a error was set. \end{DoxyCompactList}\item 
\hyperlink{class_mdt_1_1_error}{Mdt\+::\+Error} \& \hyperlink{class_mdt_1_1_expected_a4e144dbc496a80e289f32f845aefcf5c}{error} ()
\begin{DoxyCompactList}\small\item\em Access error. \end{DoxyCompactList}\item 
const \hyperlink{class_mdt_1_1_error}{Mdt\+::\+Error} \& \hyperlink{class_mdt_1_1_expected_aecfcbc42443c3a2267d8d7c49e6282e8}{error} () const 
\begin{DoxyCompactList}\small\item\em Access error (read only) \end{DoxyCompactList}\item 
bool \hyperlink{class_mdt_1_1_expected_a8e75fd1c7205ad0fedac14223312c09e}{has\+Value} () const \hypertarget{class_mdt_1_1_expected_a8e75fd1c7205ad0fedac14223312c09e}{}\label{class_mdt_1_1_expected_a8e75fd1c7205ad0fedac14223312c09e}

\begin{DoxyCompactList}\small\item\em Return true if a value was set. \end{DoxyCompactList}\item 
\hyperlink{class_mdt_1_1_expected_aa88e1919edb8b192abab69bffadf660e}{operator bool} () const \hypertarget{class_mdt_1_1_expected_aa88e1919edb8b192abab69bffadf660e}{}\label{class_mdt_1_1_expected_aa88e1919edb8b192abab69bffadf660e}

\begin{DoxyCompactList}\small\item\em Return true if a value was set. \end{DoxyCompactList}\item 
T \& \hyperlink{class_mdt_1_1_expected_a744546093eb011f8d3964d749a3cbea3}{value} ()
\begin{DoxyCompactList}\small\item\em Access value. \end{DoxyCompactList}\item 
const T \& \hyperlink{class_mdt_1_1_expected_a290f2b4456b100e7066a453ffe7e94e8}{value} () const 
\begin{DoxyCompactList}\small\item\em Access value (read only) \end{DoxyCompactList}\end{DoxyCompactItemize}


\subsection{Detailed Description}
\subsubsection*{template$<$typename T$>$\\*
class Mdt\+::\+Expected$<$ T $>$}

Contains a value or a error. 

\hyperlink{class_mdt_1_1_expected}{Expected} provides a basic support of expected value. This is inspired from A. Alexandrescu \textquotesingle{}s talk \char`\"{}\+Systematic Error Handling in C++\char`\"{} \+: \href{http://channel9.msdn.com/Shows/Going+Deep/C-and-Beyond-2012-Andrei-Alexandrescu-Systematic-Error-Handling-in-C}{\tt http\+://channel9.\+msdn.\+com/\+Shows/\+Going+\+Deep/\+C-\/and-\/\+Beyond-\/2012-\/\+Andrei-\/\+Alexandrescu-\/\+Systematic-\/\+Error-\/\+Handling-\/in-\/C}

\hyperlink{class_mdt_1_1_expected}{Mdt\+::\+Expected} is a very limited version of the concept. For more advanced and performant version, you should take a look at the official proposal\+: \href{https://github.com/viboes/std-make/tree/master/doc/proposal/expected}{\tt https\+://github.\+com/viboes/std-\/make/tree/master/doc/proposal/expected}


\begin{DoxyTemplParams}{Template Parameters}
{\em T} & Type of value \\
\hline
\end{DoxyTemplParams}


Definition at line 44 of file Expected.\+h.



\subsection{Constructor \& Destructor Documentation}
\index{Mdt\+::\+Expected@{Mdt\+::\+Expected}!Expected@{Expected}}
\index{Expected@{Expected}!Mdt\+::\+Expected@{Mdt\+::\+Expected}}
\subsubsection[{\texorpdfstring{Expected()}{Expected()}}]{\setlength{\rightskip}{0pt plus 5cm}template$<$typename T$>$ {\bf Mdt\+::\+Expected}$<$ T $>$\+::{\bf Expected} (
\begin{DoxyParamCaption}
{}
\end{DoxyParamCaption}
)\hspace{0.3cm}{\ttfamily [inline]}}\hypertarget{class_mdt_1_1_expected_ab271cafc564b8dba7c5737a8e6f78a8d}{}\label{class_mdt_1_1_expected_ab271cafc564b8dba7c5737a8e6f78a8d}


Construct a empty expected. 

A empty expected contains a null error (see \hyperlink{class_mdt_1_1_error_a2b6a7708216d0de056c7d9e7dc571e70}{Mdt\+::\+Error\+::is\+Null()}). 

Definition at line 53 of file Expected.\+h.



\subsection{Member Function Documentation}
\index{Mdt\+::\+Expected@{Mdt\+::\+Expected}!error@{error}}
\index{error@{error}!Mdt\+::\+Expected@{Mdt\+::\+Expected}}
\subsubsection[{\texorpdfstring{error()}{error()}}]{\setlength{\rightskip}{0pt plus 5cm}template$<$typename T$>$ {\bf Mdt\+::\+Error}\& {\bf Mdt\+::\+Expected}$<$ T $>$\+::error (
\begin{DoxyParamCaption}
{}
\end{DoxyParamCaption}
)\hspace{0.3cm}{\ttfamily [inline]}}\hypertarget{class_mdt_1_1_expected_a4e144dbc496a80e289f32f845aefcf5c}{}\label{class_mdt_1_1_expected_a4e144dbc496a80e289f32f845aefcf5c}


Access error. 

\begin{DoxyPrecond}{Precondition}
this must contain a error 
\end{DoxyPrecond}


Definition at line 226 of file Expected.\+h.

\index{Mdt\+::\+Expected@{Mdt\+::\+Expected}!error@{error}}
\index{error@{error}!Mdt\+::\+Expected@{Mdt\+::\+Expected}}
\subsubsection[{\texorpdfstring{error() const }{error() const }}]{\setlength{\rightskip}{0pt plus 5cm}template$<$typename T$>$ const {\bf Mdt\+::\+Error}\& {\bf Mdt\+::\+Expected}$<$ T $>$\+::error (
\begin{DoxyParamCaption}
{}
\end{DoxyParamCaption}
) const\hspace{0.3cm}{\ttfamily [inline]}}\hypertarget{class_mdt_1_1_expected_aecfcbc42443c3a2267d8d7c49e6282e8}{}\label{class_mdt_1_1_expected_aecfcbc42443c3a2267d8d7c49e6282e8}


Access error (read only) 

\begin{DoxyPrecond}{Precondition}
this must contain a error 
\end{DoxyPrecond}


Definition at line 236 of file Expected.\+h.

\index{Mdt\+::\+Expected@{Mdt\+::\+Expected}!value@{value}}
\index{value@{value}!Mdt\+::\+Expected@{Mdt\+::\+Expected}}
\subsubsection[{\texorpdfstring{value()}{value()}}]{\setlength{\rightskip}{0pt plus 5cm}template$<$typename T$>$ T\& {\bf Mdt\+::\+Expected}$<$ T $>$\+::value (
\begin{DoxyParamCaption}
{}
\end{DoxyParamCaption}
)\hspace{0.3cm}{\ttfamily [inline]}}\hypertarget{class_mdt_1_1_expected_a744546093eb011f8d3964d749a3cbea3}{}\label{class_mdt_1_1_expected_a744546093eb011f8d3964d749a3cbea3}


Access value. 

\begin{DoxyPrecond}{Precondition}
this must contain a value 
\end{DoxyPrecond}


Definition at line 260 of file Expected.\+h.

\index{Mdt\+::\+Expected@{Mdt\+::\+Expected}!value@{value}}
\index{value@{value}!Mdt\+::\+Expected@{Mdt\+::\+Expected}}
\subsubsection[{\texorpdfstring{value() const }{value() const }}]{\setlength{\rightskip}{0pt plus 5cm}template$<$typename T$>$ const T\& {\bf Mdt\+::\+Expected}$<$ T $>$\+::value (
\begin{DoxyParamCaption}
{}
\end{DoxyParamCaption}
) const\hspace{0.3cm}{\ttfamily [inline]}}\hypertarget{class_mdt_1_1_expected_a290f2b4456b100e7066a453ffe7e94e8}{}\label{class_mdt_1_1_expected_a290f2b4456b100e7066a453ffe7e94e8}


Access value (read only) 

\begin{DoxyPrecond}{Precondition}
this must contain a value 
\end{DoxyPrecond}


Definition at line 270 of file Expected.\+h.



The documentation for this class was generated from the following file\+:\begin{DoxyCompactItemize}
\item 
libs/\+Expected/src/\+Mdt/Expected.\+h\end{DoxyCompactItemize}
