<!DOCTYPE html PUBLIC "-//W3C//DTD XHTML 1.0 Transitional//EN" "http://www.w3.org/TR/xhtml1/DTD/xhtml1-transitional.dtd">
<html xmlns="http://www.w3.org/1999/xhtml">
<head>
<meta http-equiv="Content-Type" content="text/xhtml;charset=UTF-8"/>
<meta http-equiv="X-UA-Compatible" content="IE=9"/>
<meta name="generator" content="Doxygen 1.8.11"/>
<title>Multi diag tools: Mdt::Expected&lt; T &gt; Class Template Reference</title>
<link href="tabs.css" rel="stylesheet" type="text/css"/>
<script type="text/javascript" src="jquery.js"></script>
<script type="text/javascript" src="dynsections.js"></script>
<link href="search/search.css" rel="stylesheet" type="text/css"/>
<script type="text/javascript" src="search/searchdata.js"></script>
<script type="text/javascript" src="search/search.js"></script>
<script type="text/javascript">
  $(document).ready(function() { init_search(); });
</script>
<link href="doxygen.css" rel="stylesheet" type="text/css" />
<link href="extra_styles.css" rel="stylesheet" type="text/css"/>
</head>
<body>
<div id="top"><!-- do not remove this div, it is closed by doxygen! -->
<div id="titlearea">
<table cellspacing="0" cellpadding="0">
 <tbody>
 <tr style="height: 56px;">
  <td id="projectalign" style="padding-left: 0.5em;">
   <div id="projectname">Multi diag tools
   </div>
  </td>
 </tr>
 </tbody>
</table>
</div>
<!-- end header part -->
<!-- Generated by Doxygen 1.8.11 -->
<script type="text/javascript">
var searchBox = new SearchBox("searchBox", "search",false,'Search');
</script>
  <div id="navrow1" class="tabs">
    <ul class="tablist">
      <li><a href="index.html"><span>Main&#160;Page</span></a></li>
      <li><a href="pages.html"><span>Related&#160;Pages</span></a></li>
      <li><a href="namespaces.html"><span>Namespaces</span></a></li>
      <li class="current"><a href="annotated.html"><span>Classes</span></a></li>
      <li><a href="files.html"><span>Files</span></a></li>
      <li>
        <div id="MSearchBox" class="MSearchBoxInactive">
        <span class="left">
          <img id="MSearchSelect" src="search/mag_sel.png"
               onmouseover="return searchBox.OnSearchSelectShow()"
               onmouseout="return searchBox.OnSearchSelectHide()"
               alt=""/>
          <input type="text" id="MSearchField" value="Search" accesskey="S"
               onfocus="searchBox.OnSearchFieldFocus(true)" 
               onblur="searchBox.OnSearchFieldFocus(false)" 
               onkeyup="searchBox.OnSearchFieldChange(event)"/>
          </span><span class="right">
            <a id="MSearchClose" href="javascript:searchBox.CloseResultsWindow()"><img id="MSearchCloseImg" border="0" src="search/close.png" alt=""/></a>
          </span>
        </div>
      </li>
    </ul>
  </div>
  <div id="navrow2" class="tabs2">
    <ul class="tablist">
      <li><a href="annotated.html"><span>Class&#160;List</span></a></li>
      <li><a href="classes.html"><span>Class&#160;Index</span></a></li>
      <li><a href="inherits.html"><span>Class&#160;Hierarchy</span></a></li>
      <li><a href="functions.html"><span>Class&#160;Members</span></a></li>
    </ul>
  </div>
<!-- window showing the filter options -->
<div id="MSearchSelectWindow"
     onmouseover="return searchBox.OnSearchSelectShow()"
     onmouseout="return searchBox.OnSearchSelectHide()"
     onkeydown="return searchBox.OnSearchSelectKey(event)">
</div>

<!-- iframe showing the search results (closed by default) -->
<div id="MSearchResultsWindow">
<iframe src="javascript:void(0)" frameborder="0" 
        name="MSearchResults" id="MSearchResults">
</iframe>
</div>

<div id="nav-path" class="navpath">
  <ul>
<li class="navelem"><a class="el" href="namespace_mdt.html">Mdt</a></li><li class="navelem"><a class="el" href="class_mdt_1_1_expected.html">Expected</a></li>  </ul>
</div>
</div><!-- top -->
<div class="header">
  <div class="summary">
<a href="#pub-methods">Public Member Functions</a> &#124;
<a href="class_mdt_1_1_expected-members.html">List of all members</a>  </div>
  <div class="headertitle">
<div class="title">Mdt::Expected&lt; T &gt; Class Template Reference</div>  </div>
</div><!--header-->
<div class="contents">

<p>Contains a value or a error.  
 <a href="class_mdt_1_1_expected.html#details">More...</a></p>

<p><code>#include &lt;<a class="el" href="_expected_8h_source.html">Expected.h</a>&gt;</code></p>
<div id="dynsection-0" onclick="return toggleVisibility(this)" class="dynheader closed" style="cursor:pointer;">
  <img id="dynsection-0-trigger" src="closed.png" alt="+"/> Collaboration diagram for Mdt::Expected&lt; T &gt;:</div>
<div id="dynsection-0-summary" class="dynsummary" style="display:block;">
</div>
<div id="dynsection-0-content" class="dyncontent" style="display:none;">
<div class="center"><img src="class_mdt_1_1_expected__coll__graph.png" border="0" usemap="#_mdt_1_1_expected_3_01_t_01_4_coll__map" alt="Collaboration graph"/></div>
<map name="_mdt_1_1_expected_3_01_t_01_4_coll__map" id="_mdt_1_1_expected_3_01_t_01_4_coll__map">
<area shape="rect" id="node2" href="class_mdt_1_1_error.html" title="Value class that contains a error. " alt="" coords="35,5,115,32"/>
</map>
<center><span class="legend">[<a href="graph_legend.html">legend</a>]</span></center></div>
<table class="memberdecls">
<tr class="heading"><td colspan="2"><h2 class="groupheader"><a name="pub-methods"></a>
Public Member Functions</h2></td></tr>
<tr class="memitem:ab271cafc564b8dba7c5737a8e6f78a8d"><td class="memItemLeft" align="right" valign="top">&#160;</td><td class="memItemRight" valign="bottom"><a class="el" href="class_mdt_1_1_expected.html#ab271cafc564b8dba7c5737a8e6f78a8d">Expected</a> ()</td></tr>
<tr class="memdesc:ab271cafc564b8dba7c5737a8e6f78a8d"><td class="mdescLeft">&#160;</td><td class="mdescRight">Construct a empty expected.  <a href="#ab271cafc564b8dba7c5737a8e6f78a8d">More...</a><br /></td></tr>
<tr class="separator:ab271cafc564b8dba7c5737a8e6f78a8d"><td class="memSeparator" colspan="2">&#160;</td></tr>
<tr class="memitem:a5046d26152b32d7184d756f00325cd60"><td class="memItemLeft" align="right" valign="top"><a class="anchor" id="a5046d26152b32d7184d756f00325cd60"></a>
&#160;</td><td class="memItemRight" valign="bottom"><a class="el" href="class_mdt_1_1_expected.html#a5046d26152b32d7184d756f00325cd60">Expected</a> (const T &amp;v)</td></tr>
<tr class="memdesc:a5046d26152b32d7184d756f00325cd60"><td class="mdescLeft">&#160;</td><td class="mdescRight">Construct a expected with a value. <br /></td></tr>
<tr class="separator:a5046d26152b32d7184d756f00325cd60"><td class="memSeparator" colspan="2">&#160;</td></tr>
<tr class="memitem:abf1fd00a7d5508ab2030f729105de12f"><td class="memItemLeft" align="right" valign="top"><a class="anchor" id="abf1fd00a7d5508ab2030f729105de12f"></a>
&#160;</td><td class="memItemRight" valign="bottom"><a class="el" href="class_mdt_1_1_expected.html#abf1fd00a7d5508ab2030f729105de12f">Expected</a> (T &amp;&amp;v)</td></tr>
<tr class="memdesc:abf1fd00a7d5508ab2030f729105de12f"><td class="mdescLeft">&#160;</td><td class="mdescRight">Construct a expected with a value. <br /></td></tr>
<tr class="separator:abf1fd00a7d5508ab2030f729105de12f"><td class="memSeparator" colspan="2">&#160;</td></tr>
<tr class="memitem:a98be29378d9ee4d855b041c5a347d967"><td class="memItemLeft" align="right" valign="top"><a class="anchor" id="a98be29378d9ee4d855b041c5a347d967"></a>
&#160;</td><td class="memItemRight" valign="bottom"><a class="el" href="class_mdt_1_1_expected.html#a98be29378d9ee4d855b041c5a347d967">Expected</a> (const <a class="el" href="class_mdt_1_1_error.html">Mdt::Error</a> &amp;e)</td></tr>
<tr class="memdesc:a98be29378d9ee4d855b041c5a347d967"><td class="mdescLeft">&#160;</td><td class="mdescRight">Construct a expected with a error. <br /></td></tr>
<tr class="separator:a98be29378d9ee4d855b041c5a347d967"><td class="memSeparator" colspan="2">&#160;</td></tr>
<tr class="memitem:a63cf8d36dfb4657d39fcfb614f575ab4"><td class="memItemLeft" align="right" valign="top"><a class="anchor" id="a63cf8d36dfb4657d39fcfb614f575ab4"></a>
&#160;</td><td class="memItemRight" valign="bottom"><a class="el" href="class_mdt_1_1_expected.html#a63cf8d36dfb4657d39fcfb614f575ab4">Expected</a> (<a class="el" href="class_mdt_1_1_error.html">Mdt::Error</a> &amp;&amp;e)</td></tr>
<tr class="memdesc:a63cf8d36dfb4657d39fcfb614f575ab4"><td class="mdescLeft">&#160;</td><td class="mdescRight">Construct a expected with a error. <br /></td></tr>
<tr class="separator:a63cf8d36dfb4657d39fcfb614f575ab4"><td class="memSeparator" colspan="2">&#160;</td></tr>
<tr class="memitem:a74ad44cec43f7cae5cd73388283818e3"><td class="memItemLeft" align="right" valign="top"><a class="anchor" id="a74ad44cec43f7cae5cd73388283818e3"></a>
&#160;</td><td class="memItemRight" valign="bottom"><a class="el" href="class_mdt_1_1_expected.html#a74ad44cec43f7cae5cd73388283818e3">Expected</a> (const <a class="el" href="class_mdt_1_1_expected.html">Expected</a> &amp;other)</td></tr>
<tr class="memdesc:a74ad44cec43f7cae5cd73388283818e3"><td class="mdescLeft">&#160;</td><td class="mdescRight">Construct a copy of other. <br /></td></tr>
<tr class="separator:a74ad44cec43f7cae5cd73388283818e3"><td class="memSeparator" colspan="2">&#160;</td></tr>
<tr class="memitem:a8d14f0fbfb0c4e1acbfbae539f797aa8"><td class="memItemLeft" align="right" valign="top"><a class="anchor" id="a8d14f0fbfb0c4e1acbfbae539f797aa8"></a>
&#160;</td><td class="memItemRight" valign="bottom"><a class="el" href="class_mdt_1_1_expected.html#a8d14f0fbfb0c4e1acbfbae539f797aa8">Expected</a> (<a class="el" href="class_mdt_1_1_expected.html">Expected</a> &amp;&amp;other)</td></tr>
<tr class="memdesc:a8d14f0fbfb0c4e1acbfbae539f797aa8"><td class="mdescLeft">&#160;</td><td class="mdescRight">Construct by moving other. <br /></td></tr>
<tr class="separator:a8d14f0fbfb0c4e1acbfbae539f797aa8"><td class="memSeparator" colspan="2">&#160;</td></tr>
<tr class="memitem:ab3694955007f559c7f394e9883aa44a0"><td class="memItemLeft" align="right" valign="top"><a class="anchor" id="ab3694955007f559c7f394e9883aa44a0"></a>
&#160;</td><td class="memItemRight" valign="bottom"><a class="el" href="class_mdt_1_1_expected.html#ab3694955007f559c7f394e9883aa44a0">~Expected</a> ()</td></tr>
<tr class="memdesc:ab3694955007f559c7f394e9883aa44a0"><td class="mdescLeft">&#160;</td><td class="mdescRight">Destructor. <br /></td></tr>
<tr class="separator:ab3694955007f559c7f394e9883aa44a0"><td class="memSeparator" colspan="2">&#160;</td></tr>
<tr class="memitem:a9c7eb862d4d49f2160a16e32ec302e6c"><td class="memItemLeft" align="right" valign="top"><a class="anchor" id="a9c7eb862d4d49f2160a16e32ec302e6c"></a>
<a class="el" href="class_mdt_1_1_expected.html">Expected</a> &amp;&#160;</td><td class="memItemRight" valign="bottom"><a class="el" href="class_mdt_1_1_expected.html#a9c7eb862d4d49f2160a16e32ec302e6c">operator=</a> (const T &amp;v)</td></tr>
<tr class="memdesc:a9c7eb862d4d49f2160a16e32ec302e6c"><td class="mdescLeft">&#160;</td><td class="mdescRight">Assign a value. <br /></td></tr>
<tr class="separator:a9c7eb862d4d49f2160a16e32ec302e6c"><td class="memSeparator" colspan="2">&#160;</td></tr>
<tr class="memitem:a7c1272621b28c6750f4a230278d477da"><td class="memItemLeft" align="right" valign="top"><a class="anchor" id="a7c1272621b28c6750f4a230278d477da"></a>
<a class="el" href="class_mdt_1_1_expected.html">Expected</a> &amp;&#160;</td><td class="memItemRight" valign="bottom"><a class="el" href="class_mdt_1_1_expected.html#a7c1272621b28c6750f4a230278d477da">operator=</a> (T &amp;&amp;v)</td></tr>
<tr class="memdesc:a7c1272621b28c6750f4a230278d477da"><td class="mdescLeft">&#160;</td><td class="mdescRight">Assign a value. <br /></td></tr>
<tr class="separator:a7c1272621b28c6750f4a230278d477da"><td class="memSeparator" colspan="2">&#160;</td></tr>
<tr class="memitem:a60b7b4811399f71568fda6731a7afd59"><td class="memItemLeft" align="right" valign="top"><a class="anchor" id="a60b7b4811399f71568fda6731a7afd59"></a>
<a class="el" href="class_mdt_1_1_expected.html">Expected</a> &amp;&#160;</td><td class="memItemRight" valign="bottom"><a class="el" href="class_mdt_1_1_expected.html#a60b7b4811399f71568fda6731a7afd59">operator=</a> (const <a class="el" href="class_mdt_1_1_error.html">Mdt::Error</a> &amp;e)</td></tr>
<tr class="memdesc:a60b7b4811399f71568fda6731a7afd59"><td class="mdescLeft">&#160;</td><td class="mdescRight">Assign a error. <br /></td></tr>
<tr class="separator:a60b7b4811399f71568fda6731a7afd59"><td class="memSeparator" colspan="2">&#160;</td></tr>
<tr class="memitem:a97c105de76860ec6fa9ce7926d6bc6a4"><td class="memItemLeft" align="right" valign="top"><a class="anchor" id="a97c105de76860ec6fa9ce7926d6bc6a4"></a>
<a class="el" href="class_mdt_1_1_expected.html">Expected</a> &amp;&#160;</td><td class="memItemRight" valign="bottom"><a class="el" href="class_mdt_1_1_expected.html#a97c105de76860ec6fa9ce7926d6bc6a4">operator=</a> (<a class="el" href="class_mdt_1_1_error.html">Mdt::Error</a> &amp;&amp;e)</td></tr>
<tr class="memdesc:a97c105de76860ec6fa9ce7926d6bc6a4"><td class="mdescLeft">&#160;</td><td class="mdescRight">Assign a error. <br /></td></tr>
<tr class="separator:a97c105de76860ec6fa9ce7926d6bc6a4"><td class="memSeparator" colspan="2">&#160;</td></tr>
<tr class="memitem:a95886cd2913a38e147186ed3d9e72a7c"><td class="memItemLeft" align="right" valign="top"><a class="anchor" id="a95886cd2913a38e147186ed3d9e72a7c"></a>
<a class="el" href="class_mdt_1_1_expected.html">Expected</a> &amp;&#160;</td><td class="memItemRight" valign="bottom"><a class="el" href="class_mdt_1_1_expected.html#a95886cd2913a38e147186ed3d9e72a7c">operator=</a> (const <a class="el" href="class_mdt_1_1_expected.html">Expected</a> &amp;other)</td></tr>
<tr class="memdesc:a95886cd2913a38e147186ed3d9e72a7c"><td class="mdescLeft">&#160;</td><td class="mdescRight">Assign a <a class="el" href="class_mdt_1_1_expected.html" title="Contains a value or a error. ">Expected</a>. <br /></td></tr>
<tr class="separator:a95886cd2913a38e147186ed3d9e72a7c"><td class="memSeparator" colspan="2">&#160;</td></tr>
<tr class="memitem:a2c8f56f9a45c4b9b70ae2c7eadb2b96d"><td class="memItemLeft" align="right" valign="top"><a class="anchor" id="a2c8f56f9a45c4b9b70ae2c7eadb2b96d"></a>
<a class="el" href="class_mdt_1_1_expected.html">Expected</a> &amp;&#160;</td><td class="memItemRight" valign="bottom"><a class="el" href="class_mdt_1_1_expected.html#a2c8f56f9a45c4b9b70ae2c7eadb2b96d">operator=</a> (<a class="el" href="class_mdt_1_1_expected.html">Expected</a> &amp;&amp;other)</td></tr>
<tr class="memdesc:a2c8f56f9a45c4b9b70ae2c7eadb2b96d"><td class="mdescLeft">&#160;</td><td class="mdescRight">Assign a <a class="el" href="class_mdt_1_1_expected.html" title="Contains a value or a error. ">Expected</a>. <br /></td></tr>
<tr class="separator:a2c8f56f9a45c4b9b70ae2c7eadb2b96d"><td class="memSeparator" colspan="2">&#160;</td></tr>
<tr class="memitem:acddb65fce2a9823e36663cbca8eaadc5"><td class="memItemLeft" align="right" valign="top"><a class="anchor" id="acddb65fce2a9823e36663cbca8eaadc5"></a>
bool&#160;</td><td class="memItemRight" valign="bottom"><a class="el" href="class_mdt_1_1_expected.html#acddb65fce2a9823e36663cbca8eaadc5">hasError</a> () const </td></tr>
<tr class="memdesc:acddb65fce2a9823e36663cbca8eaadc5"><td class="mdescLeft">&#160;</td><td class="mdescRight">Return true if a error was set. <br /></td></tr>
<tr class="separator:acddb65fce2a9823e36663cbca8eaadc5"><td class="memSeparator" colspan="2">&#160;</td></tr>
<tr class="memitem:a4e144dbc496a80e289f32f845aefcf5c"><td class="memItemLeft" align="right" valign="top"><a class="el" href="class_mdt_1_1_error.html">Mdt::Error</a> &amp;&#160;</td><td class="memItemRight" valign="bottom"><a class="el" href="class_mdt_1_1_expected.html#a4e144dbc496a80e289f32f845aefcf5c">error</a> ()</td></tr>
<tr class="memdesc:a4e144dbc496a80e289f32f845aefcf5c"><td class="mdescLeft">&#160;</td><td class="mdescRight">Access error.  <a href="#a4e144dbc496a80e289f32f845aefcf5c">More...</a><br /></td></tr>
<tr class="separator:a4e144dbc496a80e289f32f845aefcf5c"><td class="memSeparator" colspan="2">&#160;</td></tr>
<tr class="memitem:aecfcbc42443c3a2267d8d7c49e6282e8"><td class="memItemLeft" align="right" valign="top">const <a class="el" href="class_mdt_1_1_error.html">Mdt::Error</a> &amp;&#160;</td><td class="memItemRight" valign="bottom"><a class="el" href="class_mdt_1_1_expected.html#aecfcbc42443c3a2267d8d7c49e6282e8">error</a> () const </td></tr>
<tr class="memdesc:aecfcbc42443c3a2267d8d7c49e6282e8"><td class="mdescLeft">&#160;</td><td class="mdescRight">Access error (read only)  <a href="#aecfcbc42443c3a2267d8d7c49e6282e8">More...</a><br /></td></tr>
<tr class="separator:aecfcbc42443c3a2267d8d7c49e6282e8"><td class="memSeparator" colspan="2">&#160;</td></tr>
<tr class="memitem:a8e75fd1c7205ad0fedac14223312c09e"><td class="memItemLeft" align="right" valign="top"><a class="anchor" id="a8e75fd1c7205ad0fedac14223312c09e"></a>
bool&#160;</td><td class="memItemRight" valign="bottom"><a class="el" href="class_mdt_1_1_expected.html#a8e75fd1c7205ad0fedac14223312c09e">hasValue</a> () const </td></tr>
<tr class="memdesc:a8e75fd1c7205ad0fedac14223312c09e"><td class="mdescLeft">&#160;</td><td class="mdescRight">Return true if a value was set. <br /></td></tr>
<tr class="separator:a8e75fd1c7205ad0fedac14223312c09e"><td class="memSeparator" colspan="2">&#160;</td></tr>
<tr class="memitem:aa88e1919edb8b192abab69bffadf660e"><td class="memItemLeft" align="right" valign="top"><a class="anchor" id="aa88e1919edb8b192abab69bffadf660e"></a>
&#160;</td><td class="memItemRight" valign="bottom"><a class="el" href="class_mdt_1_1_expected.html#aa88e1919edb8b192abab69bffadf660e">operator bool</a> () const </td></tr>
<tr class="memdesc:aa88e1919edb8b192abab69bffadf660e"><td class="mdescLeft">&#160;</td><td class="mdescRight">Return true if a value was set. <br /></td></tr>
<tr class="separator:aa88e1919edb8b192abab69bffadf660e"><td class="memSeparator" colspan="2">&#160;</td></tr>
<tr class="memitem:a744546093eb011f8d3964d749a3cbea3"><td class="memItemLeft" align="right" valign="top">T &amp;&#160;</td><td class="memItemRight" valign="bottom"><a class="el" href="class_mdt_1_1_expected.html#a744546093eb011f8d3964d749a3cbea3">value</a> ()</td></tr>
<tr class="memdesc:a744546093eb011f8d3964d749a3cbea3"><td class="mdescLeft">&#160;</td><td class="mdescRight">Access value.  <a href="#a744546093eb011f8d3964d749a3cbea3">More...</a><br /></td></tr>
<tr class="separator:a744546093eb011f8d3964d749a3cbea3"><td class="memSeparator" colspan="2">&#160;</td></tr>
<tr class="memitem:a290f2b4456b100e7066a453ffe7e94e8"><td class="memItemLeft" align="right" valign="top">const T &amp;&#160;</td><td class="memItemRight" valign="bottom"><a class="el" href="class_mdt_1_1_expected.html#a290f2b4456b100e7066a453ffe7e94e8">value</a> () const </td></tr>
<tr class="memdesc:a290f2b4456b100e7066a453ffe7e94e8"><td class="mdescLeft">&#160;</td><td class="mdescRight">Access value (read only)  <a href="#a290f2b4456b100e7066a453ffe7e94e8">More...</a><br /></td></tr>
<tr class="separator:a290f2b4456b100e7066a453ffe7e94e8"><td class="memSeparator" colspan="2">&#160;</td></tr>
</table>
<a name="details" id="details"></a><h2 class="groupheader">Detailed Description</h2>
<div class="textblock"><h3>template&lt;typename T&gt;<br />
class Mdt::Expected&lt; T &gt;</h3>

<p>Contains a value or a error. </p>
<p><a class="el" href="class_mdt_1_1_expected.html" title="Contains a value or a error. ">Expected</a> provides a basic support of expected value. This is inspired from A. Alexandrescu 's talk "Systematic Error Handling in C++" : <a href="http://channel9.msdn.com/Shows/Going+Deep/C-and-Beyond-2012-Andrei-Alexandrescu-Systematic-Error-Handling-in-C">http://channel9.msdn.com/Shows/Going+Deep/C-and-Beyond-2012-Andrei-Alexandrescu-Systematic-Error-Handling-in-C</a></p>
<p><a class="el" href="class_mdt_1_1_expected.html" title="Contains a value or a error. ">Mdt::Expected</a> is a very limited version of the concept. For more advanced and performant version, you should take a look at the official proposal: <a href="https://github.com/viboes/std-make/tree/master/doc/proposal/expected">https://github.com/viboes/std-make/tree/master/doc/proposal/expected</a></p>
<dl class="tparams"><dt>Template Parameters</dt><dd>
  <table class="tparams">
    <tr><td class="paramname">T</td><td>Type of value </td></tr>
  </table>
  </dd>
</dl>

<p>Definition at line <a class="el" href="_expected_8h_source.html#l00044">44</a> of file <a class="el" href="_expected_8h_source.html">Expected.h</a>.</p>
</div><h2 class="groupheader">Constructor &amp; Destructor Documentation</h2>
<a class="anchor" id="ab271cafc564b8dba7c5737a8e6f78a8d"></a>
<div class="memitem">
<div class="memproto">
<div class="memtemplate">
template&lt;typename T&gt; </div>
<table class="mlabels">
  <tr>
  <td class="mlabels-left">
      <table class="memname">
        <tr>
          <td class="memname"><a class="el" href="class_mdt_1_1_expected.html">Mdt::Expected</a>&lt; T &gt;::<a class="el" href="class_mdt_1_1_expected.html">Expected</a> </td>
          <td>(</td>
          <td class="paramname"></td><td>)</td>
          <td></td>
        </tr>
      </table>
  </td>
  <td class="mlabels-right">
<span class="mlabels"><span class="mlabel">inline</span></span>  </td>
  </tr>
</table>
</div><div class="memdoc">

<p>Construct a empty expected. </p>
<p>A empty expected contains a null error (see <a class="el" href="class_mdt_1_1_error.html#a2b6a7708216d0de056c7d9e7dc571e70" title="Check if error is null. ">Mdt::Error::isNull()</a>). </p>

<p>Definition at line <a class="el" href="_expected_8h_source.html#l00053">53</a> of file <a class="el" href="_expected_8h_source.html">Expected.h</a>.</p>

</div>
</div>
<h2 class="groupheader">Member Function Documentation</h2>
<a class="anchor" id="a4e144dbc496a80e289f32f845aefcf5c"></a>
<div class="memitem">
<div class="memproto">
<div class="memtemplate">
template&lt;typename T&gt; </div>
<table class="mlabels">
  <tr>
  <td class="mlabels-left">
      <table class="memname">
        <tr>
          <td class="memname"><a class="el" href="class_mdt_1_1_error.html">Mdt::Error</a>&amp; <a class="el" href="class_mdt_1_1_expected.html">Mdt::Expected</a>&lt; T &gt;::error </td>
          <td>(</td>
          <td class="paramname"></td><td>)</td>
          <td></td>
        </tr>
      </table>
  </td>
  <td class="mlabels-right">
<span class="mlabels"><span class="mlabel">inline</span></span>  </td>
  </tr>
</table>
</div><div class="memdoc">

<p>Access error. </p>
<dl class="section pre"><dt>Precondition</dt><dd>this must contain a error </dd></dl>

<p>Definition at line <a class="el" href="_expected_8h_source.html#l00226">226</a> of file <a class="el" href="_expected_8h_source.html">Expected.h</a>.</p>

</div>
</div>
<a class="anchor" id="aecfcbc42443c3a2267d8d7c49e6282e8"></a>
<div class="memitem">
<div class="memproto">
<div class="memtemplate">
template&lt;typename T&gt; </div>
<table class="mlabels">
  <tr>
  <td class="mlabels-left">
      <table class="memname">
        <tr>
          <td class="memname">const <a class="el" href="class_mdt_1_1_error.html">Mdt::Error</a>&amp; <a class="el" href="class_mdt_1_1_expected.html">Mdt::Expected</a>&lt; T &gt;::error </td>
          <td>(</td>
          <td class="paramname"></td><td>)</td>
          <td> const</td>
        </tr>
      </table>
  </td>
  <td class="mlabels-right">
<span class="mlabels"><span class="mlabel">inline</span></span>  </td>
  </tr>
</table>
</div><div class="memdoc">

<p>Access error (read only) </p>
<dl class="section pre"><dt>Precondition</dt><dd>this must contain a error </dd></dl>

<p>Definition at line <a class="el" href="_expected_8h_source.html#l00236">236</a> of file <a class="el" href="_expected_8h_source.html">Expected.h</a>.</p>

</div>
</div>
<a class="anchor" id="a744546093eb011f8d3964d749a3cbea3"></a>
<div class="memitem">
<div class="memproto">
<div class="memtemplate">
template&lt;typename T&gt; </div>
<table class="mlabels">
  <tr>
  <td class="mlabels-left">
      <table class="memname">
        <tr>
          <td class="memname">T&amp; <a class="el" href="class_mdt_1_1_expected.html">Mdt::Expected</a>&lt; T &gt;::value </td>
          <td>(</td>
          <td class="paramname"></td><td>)</td>
          <td></td>
        </tr>
      </table>
  </td>
  <td class="mlabels-right">
<span class="mlabels"><span class="mlabel">inline</span></span>  </td>
  </tr>
</table>
</div><div class="memdoc">

<p>Access value. </p>
<dl class="section pre"><dt>Precondition</dt><dd>this must contain a value </dd></dl>

<p>Definition at line <a class="el" href="_expected_8h_source.html#l00260">260</a> of file <a class="el" href="_expected_8h_source.html">Expected.h</a>.</p>

</div>
</div>
<a class="anchor" id="a290f2b4456b100e7066a453ffe7e94e8"></a>
<div class="memitem">
<div class="memproto">
<div class="memtemplate">
template&lt;typename T&gt; </div>
<table class="mlabels">
  <tr>
  <td class="mlabels-left">
      <table class="memname">
        <tr>
          <td class="memname">const T&amp; <a class="el" href="class_mdt_1_1_expected.html">Mdt::Expected</a>&lt; T &gt;::value </td>
          <td>(</td>
          <td class="paramname"></td><td>)</td>
          <td> const</td>
        </tr>
      </table>
  </td>
  <td class="mlabels-right">
<span class="mlabels"><span class="mlabel">inline</span></span>  </td>
  </tr>
</table>
</div><div class="memdoc">

<p>Access value (read only) </p>
<dl class="section pre"><dt>Precondition</dt><dd>this must contain a value </dd></dl>

<p>Definition at line <a class="el" href="_expected_8h_source.html#l00270">270</a> of file <a class="el" href="_expected_8h_source.html">Expected.h</a>.</p>

</div>
</div>
<hr/>The documentation for this class was generated from the following file:<ul>
<li>libs/Expected/src/Mdt/<a class="el" href="_expected_8h_source.html">Expected.h</a></li>
</ul>
</div><!-- contents -->
<!-- start footer part -->
<hr class="footer"/><address class="footer"><small>
Generated on Sun Oct 1 2017 10:14:56 for Multi diag tools by &#160;<a href="http://www.doxygen.org/index.html">
<img class="footer" src="doxygen.png" alt="doxygen"/>
</a> 1.8.11
</small></address>
</body>
</html>
